// Jest Snapshot v1, https://goo.gl/fbAQLP

exports[`Popover should be rendered correctly in RTL direction 1`] = `
Array [
  <span
    class="ant-popover-open"
  >
    show me your Rtl demo
  </span>,
  <div>
    <div
      class="ant-popover ant-popover-rtl"
      style="opacity:0"
    >
      <div
        class="ant-popover-content"
      >
        <div
          class="ant-popover-arrow"
        />
        <div
          class="ant-popover-inner"
          role="tooltip"
        >
          <div>
            <div
              class="ant-popover-title"
            >
              RTL
            </div>
            <div
              class="ant-popover-inner-content"
            />
          </div>
        </div>
      </div>
    </div>
  </div>,
]
`;

exports[`Popover should show overlay when trigger is clicked 1`] = `"<div class=\\"ant-popover-content\\"><div class=\\"ant-popover-arrow\\"></div><div class=\\"ant-popover-inner\\" role=\\"tooltip\\"><div><div class=\\"ant-popover-title\\">code</div><div class=\\"ant-popover-inner-content\\">console.log('hello world')</div></div></div></div>"`;

exports[`Popover should show overlay when trigger is clicked 2`] = `"<div class=\\"ant-popover-content\\"><div class=\\"ant-popover-arrow\\"></div><div class=\\"ant-popover-inner\\" role=\\"tooltip\\"><div><div class=\\"ant-popover-title\\">code</div><div class=\\"ant-popover-inner-content\\">console.log('hello world')</div></div></div></div>"`;
