// Jest Snapshot v1, https://goo.gl/fbAQLP

exports[`Table renders JSX correctly 1`] = `
<div
  class="ant-table-wrapper"
>
  <div
    class="ant-spin-nested-loading"
  >
    <div
      class="ant-spin-container"
    >
      <div
        class="ant-table"
      >
        <div
          class="ant-table-container"
        >
          <div
            class="ant-table-content"
          >
            <table
              style="table-layout: auto;"
            >
              <colgroup>
                <col />
                <col />
                <col />
              </colgroup>
              <thead>
                <tr>
                  <th
                    class="ant-table-cell"
                    colspan="2"
                  >
                    Name
                  </th>
                  <th
                    class="ant-table-cell"
                    rowspan="2"
                  >
                    Age
                  </th>
                </tr>
                <tr>
                  <th
                    class="ant-table-cell"
                  >
                    First Name
                  </th>
                  <th
                    class="ant-table-cell"
                  >
                    Last Name
                  </th>
                </tr>
              </thead>
              <tbody
                class="ant-table-tbody"
              >
                <tr
                  class="ant-table-row ant-table-row-level-0"
                  data-row-key="1"
                >
                  <td
                    class="ant-table-cell"
                  >
                    John
                  </td>
                  <td
                    class="ant-table-cell"
                  >
                    Brown
                  </td>
                  <td
                    class="ant-table-cell"
                  >
                    32
                  </td>
                </tr>
                <tr
                  class="ant-table-row ant-table-row-level-0"
                  data-row-key="2"
                >
                  <td
                    class="ant-table-cell"
                  >
                    Jim
                  </td>
                  <td
                    class="ant-table-cell"
                  >
                    Green
                  </td>
                  <td
                    class="ant-table-cell"
                  >
                    42
                  </td>
                </tr>
              </tbody>
            </table>
          </div>
        </div>
      </div>
    </div>
  </div>
</div>
`;

exports[`Table rtl render component should be rendered correctly in RTL direction 1`] = `
<div
  class="ant-table-wrapper ant-table-wrapper-rtl"
>
  <div
    class="ant-spin-nested-loading"
  >
    <div
      class="ant-spin-container"
    >
      <div
        class="ant-table ant-table-rtl"
      >
        <div
          class="ant-table-container"
        >
          <div
            class="ant-table-content"
          >
            <table
              style="table-layout:auto"
            >
              <colgroup>
                <col />
              </colgroup>
              <thead>
                <tr>
                  <th
                    class="ant-table-cell"
                  />
                </tr>
              </thead>
              <tbody
                class="ant-table-tbody"
              >
                <tr
                  class="ant-table-placeholder"
                >
                  <td
                    class="ant-table-cell"
                  >
                    <div
                      class="ant-empty ant-empty-normal ant-empty-rtl"
                    >
                      <div
                        class="ant-empty-image"
                      >
                        <svg
                          class="ant-empty-img-simple"
                          height="41"
                          viewBox="0 0 64 41"
                          width="64"
                          xmlns="http://www.w3.org/2000/svg"
                        >
                          <g
                            fill="none"
                            fill-rule="evenodd"
                            transform="translate(0 1)"
                          >
                            <ellipse
                              class="ant-empty-img-simple-ellipse"
                              cx="32"
                              cy="33"
                              rx="32"
                              ry="7"
                            />
                            <g
                              class="ant-empty-img-simple-g"
                              fill-rule="nonzero"
                            >
                              <path
                                d="M55 12.76L44.854 1.258C44.367.474 43.656 0 42.907 0H21.093c-.749 0-1.46.474-1.947 1.257L9 12.761V22h46v-9.24z"
                              />
                              <path
                                class="ant-empty-img-simple-path"
                                d="M41.613 15.931c0-1.605.994-2.93 2.227-2.931H55v18.137C55 33.26 53.68 35 52.05 35h-40.1C10.32 35 9 33.259 9 31.137V13h11.16c1.233 0 2.227 1.323 2.227 2.928v.022c0 1.605 1.005 2.901 2.237 2.901h14.752c1.232 0 2.237-1.308 2.237-2.913v-.007z"
                              />
                            </g>
                          </g>
                        </svg>
                      </div>
                      <p
                        class="ant-empty-description"
                      >
                        No Data
                      </p>
                    </div>
                  </td>
                </tr>
              </tbody>
            </table>
          </div>
        </div>
      </div>
      <ul
        class="ant-pagination ant-table-pagination ant-pagination-rtl"
        unselectable="unselectable"
      >
        <li
          aria-disabled="true"
          class="ant-pagination-prev ant-pagination-disabled"
          title="Previous Page"
        >
          <a
            class="ant-pagination-item-link"
            disabled=""
          >
            <span
              aria-label="right"
              class="anticon anticon-right"
              role="img"
            >
              <svg
                aria-hidden="true"
                class=""
                data-icon="right"
                fill="currentColor"
                focusable="false"
                height="1em"
                viewBox="64 64 896 896"
                width="1em"
              >
                <path
                  d="M765.7 486.8L314.9 134.7A7.97 7.97 0 00302 141v77.3c0 4.9 2.3 9.6 6.1 12.6l360 281.1-360 281.1c-3.9 3-6.1 7.7-6.1 12.6V883c0 6.7 7.7 10.4 12.9 6.3l450.8-352.1a31.96 31.96 0 000-50.4z"
                />
              </svg>
            </span>
          </a>
        </li>
        <li
          class="ant-pagination-item ant-pagination-item-0 ant-pagination-disabled ant-pagination-item-disabled"
          tabindex="0"
          title="0"
        >
          <a>
            0
          </a>
        </li>
        <li
          aria-disabled="true"
          class="ant-pagination-next ant-pagination-disabled"
          title="Next Page"
        >
          <a
            class="ant-pagination-item-link"
            disabled=""
          >
            <span
              aria-label="left"
              class="anticon anticon-left"
              role="img"
            >
              <svg
                aria-hidden="true"
                class=""
                data-icon="left"
                fill="currentColor"
                focusable="false"
                height="1em"
                viewBox="64 64 896 896"
                width="1em"
              >
                <path
                  d="M724 218.3V141c0-6.7-7.7-10.4-12.9-6.3L260.3 486.8a31.86 31.86 0 000 50.3l450.8 352.1c5.3 4.1 12.9.4 12.9-6.3v-77.3c0-4.9-2.3-9.6-6.1-12.6l-360-281 360-281.1c3.8-3 6.1-7.7 6.1-12.6z"
                />
              </svg>
            </span>
          </a>
        </li>
      </ul>
    </div>
  </div>
</div>
`;
